#name "null_in_string_then_eof.cool"
#1 ERROR "String contains null character."
