See the file README for a full copyright notice.
Loaded: /usr/class/cs143/cool/lib/trap.handler
x: 3
y: 4
4