See the file README for a full copyright notice.
Loaded: /usr/class/cs143/cool/lib/trap.handler
title:      The Top 100 CD_ROMs
author:     Ulanoff
periodical:  PC Magazine
- dynamic type was Article -
title:      Compilers, Principles, Techniques, and Tools
author:     Aho, Sethi, and Ullman
- dynamic type was Book -
