See the file README for a full copyright notice.
Loaded: /usr/class/cs143/cool/lib/trap.handler
t: Bool
b1: Bool
b2: Bool
b1: Bool
b2: Bool
