See the file README for a full copyright notice.
Loaded: /usr/class/cs143/cool/lib/trap.handler
Applying closure 0
Applying closure 1
Applying closure 17
Applying closure 2
Applying closure 15
Applying closure 16
Applying closure 4
Applying closure 5
Applying closure 12
Applying closure 6
Applying closure 7
