/usr/class/cs143/tests/fa05/PA5/casevoid.cl:3Match on void in case statement.
