See the file README for a full copyright notice.
Loaded: /usr/class/cs143/cool/lib/trap.handler
No match in case statement for Class Main
