See the file README for a full copyright notice.
Loaded: /usr/class/cs143/cool/lib/trap.handler
         X         
........XXX........
.......X...X.......
......XXX.XXX......
.....X.......X.....
....XXX.....XXX....
...X...X...X...X...
..XXX.XXX.XXX.XXX..
.X...............X.
XXX.............XXX
...X...........X...
Increasing heap...
..XXX.........XXX..
.X...X.......X...X.
XXX.XXX.....XXX.XXX
.......X...X.......
......XXX.XXX......
.....X.......X.....
....XXX.....XXX....
...X...X...X...X...
..XXX.XXX.XXX.XXX..
.X...............X.
