See the file README for a full copyright notice.
Loaded: /usr/class/cs143/cool/lib/trap.handler
old: 0.  new: 1
old: 1.  new: 2
old: 2.  new: 5
old: 5.  new: 29
