/usr/class/cs143/tests/fa05/PA5/dispatch-void-dynamic.cl:9: Dispatch to void.
