base_and_derived=base
base_only=base
base_and_derived_two=base
base_and_derived=derived
base_only=derived
base_and_derived_two=derived
base_and_derived=derived
derived_only=derived
base_and_derived_two=derived
