See the file README for a full copyright notice.
Loaded: /usr/class/cs143/cool/lib/trap.handler
/usr/class/cs143/tests/fa05/PA5/dispatch-void-static.cl:14: Dispatch to void.
