See the file README for a full copyright notice.
Loaded: /usr/class/cs143/cool/lib/trap.handler
1
2
3
4
5
6
7
8
9
10
11
12
13
14
