See the file README for a full copyright notice.
Loaded: /usr/class/cs143/cool/lib/trap.handler
6
5040
3628800
