Allocated an object of type: Main
Allocated an object of type: Foo
Allocated an object of type: A
Allocated an object of type: B
Allocated an object of type: DontKillB
Freeing an object of type: DontKillB
Freeing an object of type: B
Freeing an object of type: Foo
Freeing an object of type: A
Freeing an object of type: Foo
Freeing an object of type: Main
