Allocated an object of type: Main
Allocated an object of type: A
Allocated an object of type: C
Allocated a string
A and C still alive
Allocated a string
A and C should die now
Freeing an object of type: C
Freeing an object of type: A
Allocated an object of type: Object
