Allocated an object of type: Main
Allocated an object of type: A
Freeing an object of type: A
Allocated an object of type: B
Freeing an object of type: B
Allocated an object of type: A
Allocated an object of type: B
Allocated an object of type: C
Allocated an object of type: D
7
D should die now

Freeing an object of type: D
Allocated an object of type: E
A, B, C, E should die now

Freeing an object of type: E
Freeing an object of type: C
Freeing an object of type: B
Freeing an object of type: A
Allocated an object of type: E
