Allocated an object of type: Main
Allocated an object of type: A
Allocated an object of type: B
A should die now
Freeing an object of type: A
Allocated an object of type: Killer
B should die now
Freeing an object of type: Killer
Freeing an object of type: B
Allocated an object of type: Killer
