See the file README for a full copyright notice.
Loaded: /usr/class/cs143/cool/lib/trap.handler
17141611714163171416511714161171416317141653117141611714163171416511714161171416317141653171416117141631714165171416