See the file README for a full copyright notice.
Loaded: /usr/class/cs143/cool/lib/trap.handler
x: -1
b: true
y: 2
z: -5