See the file README for a full copyright notice.
Loaded: /usr/class/cs143/cool/lib/trap.handler
z = 23
z = 29
z = 33
