See the file README for a full copyright notice.
Loaded: /usr/class/cs143/cool/lib/trap.handler
/usr/class/cs143/tests/fa05/PA5/while-val.cl:4: Dispatch to void.
